delete 
$ touch file

maazil@Maaz MINGW64 ~/Desktop/Git (master)
$ ls
delete.txt  file  first.txt  second.txt
maazil@Maaz MINGW64 ~/Desktop/Git (master)
$ git add file

maazil@Maaz MINGW64 ~/Desktop/Git (master)
$ git commit -m "file is commit"
[master 7f2ab74] file is commit
 1 file changed, 0 insertions(+), 0 deletions(-)
 create mode 100644 file

maazil@Maaz MINGW64 ~/Desktop/Git (master)
$ git rm file
rm 'file'

maazil@Maaz MINGW64 ~/Desktop/Git (master)
$ ls
delete.txt  first.txt  second.txt
 


maazil@Maaz MINGW64 ~/Desktop/Git (master)
$ git status
On branch master
Changes to be committed:
  (use "git reset HEAD <file>..." to unstage)

        deleted:    file

Changes not staged for commit:
  (use "git add <file>..." to update what will be committed)
  (use "git checkout -- <file>..." to discard changes in working directory)

        modified:   first.txt
        modified:   second.txt

Untracked files:
  (use "git add <file>..." to include in what will be committed)

        delete.txt

maazil@Maaz MINGW64 ~/Desktop/Git (master)
$ git commit -m "This file is deleted and commit the delete file"
[master 5084ab9] This file is deleted and commit the delete file
 1 file changed, 0 insertions(+), 0 deletions(-)
 delete mode 100644 file

