maazil@Maaz MINGW64 ~/Desktop/Git
$ git init
Initialized empty Git repository in C:/Users/maazil/Desktop                              /Git/.git/

maazil@Maaz MINGW64 ~/Desktop/Git (master)
$ ls -a
./  ../  .git/
  

Commit the file  

add all the changes . means folder and directory 
we need to tracke the folder  
commit take spaneshort 
-m we wirte about the file and folder "message " 


commit history git log  
maazil@Maaz MINGW64 ~/Desktop/Git (master)
$ git log
commit 57b5d5d592d89440637d6027f5efabefd12b7d09 (HEAD -> master)
Author: maazil3861 <maazshaikh7020@gmail.com>
Date:   Sat Apr 4 13:43:28 2020 -0700

    message of fisrt commit

changes any thing 
$ git status
On branch master
Changes not staged for commit:
  (use "git add <file>..." to update what will be committed)
  (use "git checkout -- <file>..." to discard changes in working directory)

        modified:   first.txt

no changes added to commit (use "git add" and/or "git commit -a") 

to check the change file content

$ git diff
diff --git a/second.txt b/second.txt
index a8cf018..69f76dc 100644
diff --git a/second.txt b/second.txt
index a8cf018..69f76dc 100644
--- a/second.txt
+++ b/second.txt
@@ -11,3 +11,25 @@ change file
 git diff
 red old
 green new
+
+$ git diff
+diff --git a/second.txt b/second.txt
+index e4eccfa..a8cf018 100644
+--- a/second.txt
++++ b/second.txt
+@@ -4,4 +4,10 @@ aleardy
+ add new file  staging area
+ commit
+  git log
+-all info for  file
+\ No newline at end of file
++all info for  file
++
++change file
++
++git diff
: 


rename . first rename computer file then change through git
maazil@Maaz MINGW64 ~/Desktop/Git (master)
$ git status
On branch master
Changes not staged for commit:
  (use "git add/rm <file>..." to update what will be committed)
  (use "git checkout -- <file>..." to discard changes in working directory)

        deleted:    first.txt
        modified:   second.txt

Untracked files:
  (use "git add <file>..." to include in what will be committed)

        delete.txt
        rename.txt

no changes added to commit (use "git add" and/or "git commit -a")

maazil@Maaz MINGW64 ~/Desktop/Git (master)
$ git add rename.txt

maazil@Maaz MINGW64 ~/Desktop/Git (master)
$ git rm first.txt
rm 'first.txt'

maazil@Maaz MINGW64 ~/Desktop/Git (master)
$ git commit -m " I Am rename the file "
[master d11ccda]  I Am rename the file
 1 file changed, 34 insertions(+), 1 deletion(-)
 rename first.txt => rename.txt (62%)


 ls
delete.txt  rename.txt  second.txt

maazil@Maaz MINGW64 ~/Desktop/Git (master)
$ git mv second.txt move.txt

maazil@Maaz MINGW64 ~/Desktop/Git (master)
$ ls
delete.txt  move.txt  rename.txt

maazil@Maaz MINGW64 ~/Desktop/Git (master)
$ git commit - " move the file"
error: pathspec '-' did not match any file(s) known to git.
error: pathspec ' move the file' did not match any file(s) known to git.

maazil@Maaz MINGW64 ~/Desktop/Git (master)
$ git commit -m " move the file"
[master 9b5a65e]  move the file
 1 file changed, 0 insertions(+), 0 deletions(-)
 rename second.txt => move.txt (100%)




